// Jest Snapshot v1, https://goo.gl/fbAQLP

exports[`renders correctly 1`] = `
<div
  className="counter"
>
  <button
    disabled={true}
    onClick={[Function]}
  >
    -
  </button>
  <span
    aria-label="counter"
  >
    0
  </span>
  <button
    onClick={[Function]}
  >
    +
  </button>
</div>
`;
